# Redshift distribution dN/dz [>flux(*1e-16)]
# 
# Redshift range =    0.00000   2.50000   0.10000
#  z1   z2   dN/dz (deg^-2) [>flux(*1e-16)]
# 
# 
#  z1   z2   0.100   0.200   0.300   0.400   0.500   0.600   0.700   0.800   0.900   1.000   2.000   3.000   4.000   5.000   6.000   7.000   8.000   9.000  10.000  20.000  30.000  40.000  50.000  60.000  70.000  80.000  90.000 100.000
#  
 0.0000 0.1000     5484.312     4203.035     3586.712     3199.296     2924.171     2714.488     2547.122     2409.102     2292.485     2192.084     1615.678     1338.830     1166.047     1044.341      952.300      879.340      819.536      769.270      726.193      482.668      368.726      299.429      251.954      217.074      190.225      168.853      151.407      136.882 
 0.1000 0.2000    20552.800    15418.300    12929.624    11362.736    10251.725     9407.650     8736.567     8185.499     7721.888     7324.423     5078.454     4021.444     3367.186     2908.764     2564.057     2292.779     2072.379     1889.034     1733.702      908.445      572.452      391.998      281.833      209.404      159.401      123.650       97.394       77.696 
 0.2000 0.3000    37310.852    27305.212    22492.499    19491.190    17380.788    15788.062    14528.126    13497.320    12632.363    11892.124     7719.535     5768.252     4582.532     3773.391     3182.608     2731.301     2375.060     2086.752     1848.790      708.755      336.355      176.216       98.205       57.178       34.408       21.249       13.401        8.598 
 0.3000 0.4000    53754.631    38494.186    31241.516    26752.290    23607.796    21238.436    19364.886    17831.920    16545.434    15444.570     9287.297     6510.855     4895.876     3836.987     3090.595     2538.198     2114.878     1781.959     1514.885      391.851      129.613       48.476       19.549        8.292        3.646        1.647        0.760        0.357 
 0.4000 0.5000    69091.919    48558.175    38883.157    32911.169    28729.782    25579.148    23089.105    21054.507    19350.918    17897.628     9945.514     6546.219     4655.549     3461.848     2649.534     2069.207     1640.458     1315.884     1065.597      175.427       38.451        9.633        2.600        0.736        0.216        0.065        0.020        0.006 
 0.5000 0.6000    82983.836    57339.699    45313.862    37895.881    32705.330    28801.488    25726.003    23223.882    21139.585    19371.615     9963.993     6154.990     4125.525     2895.506     2093.517     1545.924     1160.004      881.626      677.165       68.383        9.386        1.463        0.244        0.043        0.008        0.001        0.000        0.000 
 0.6000 0.7000    95311.716    64809.771    50541.153    41748.784    35612.354    31016.899    27416.562    24505.792    22097.150    20067.808     9569.948     5535.882     3482.824     2297.276     1563.140     1087.929      770.580      553.588      402.399       24.055        1.949        0.177        0.017        0.002        0.000        0.000        0.000        0.000 
 0.7000 0.8000   106079.339    71019.568    54648.329    44585.130    37593.930    32390.139    28341.038    25090.638    22419.885    20185.091     8930.369     4825.229     2840.791     1756.674     1122.837      735.500      491.086      332.986      228.659        7.798        0.355        0.018        0.001        0.000        0.000        0.000        0.000        0.000 
 0.8000 0.9000   115361.405    76069.677    57761.147    46552.425    38812.509    33092.025    28673.473    25152.066    22278.657    19890.095     8164.062     4112.168     2261.887     1310.002      786.052      484.256      304.496      194.600      126.007        2.370        0.058        0.002        0.000        0.000        0.000        0.000        0.000        0.000 
 0.9000 1.0000   123271.859    80086.099    60020.966    47802.074    39423.083    33276.314    28563.387    24833.732    21810.554    19313.198     7353.248     3449.048     1771.652      960.920      541.193      313.413      185.411      111.523       67.967        0.687        0.009        0.000        0.000        0.000        0.000        0.000        0.000        0.000 
 1.0000 1.1000   129943.077    83202.697    61567.111    48473.817    39561.274    33071.935    28131.946    24248.894    21121.260    18553.073     6552.192     2861.341     1372.948      697.614      368.781      200.665      111.582       63.083       36.125        0.192        0.001        0.000        0.000        0.000        0.000        0.000        0.000        0.000 
 1.1000 1.2000   135512.235    85549.760    62527.202    48689.132    39340.118    32582.790    27474.197    23484.455    20290.383    17682.863     5794.158     2356.826     1057.135      503.460      249.823      127.671       66.675       35.391       19.020        0.053        0.000        0.000        0.000        0.000        0.000        0.000        0.000        0.000 
 1.2000 1.3000   140112.737    87247.489    63013.000    48549.833    38851.076    31890.612    26663.194    22605.906    19376.870    16755.826     5097.263     1932.925      811.233      362.330      168.783       80.987       39.699       19.770        9.963        0.014        0.000        0.000        0.000        0.000        0.000        0.000        0.000        0.000 
 1.3000 1.4000   137812.270    84681.153    60462.202    46112.586    36559.917    29751.078    24670.002    20749.906    17648.022    15144.397     4281.091     1515.246      595.654      249.655      109.194       49.187       22.624       10.566        4.991        0.004        0.000        0.000        0.000        0.000        0.000        0.000        0.000        0.000 
 1.4000 1.5000   129458.627    78532.016    55456.843    41883.437    32911.290    26558.247    21846.368    18232.313    15388.813    13106.638     3446.903     1140.224      420.291      165.411       67.949       28.736       12.402        5.432        2.405        0.001        0.000        0.000        0.000        0.000        0.000        0.000        0.000        0.000 
 1.5000 1.6000   121453.826    72767.579    50844.392    38040.384    29634.637    23720.362    19359.979    16034.624    13432.955    11356.585     2782.303      861.423      298.057      110.225       42.543       16.896        6.844        2.812        1.167        0.000        0.000        0.000        0.000        0.000        0.000        0.000        0.000        0.000 
 1.6000 1.7000   113858.973    67405.724    46620.436    34565.685    26704.068    21206.512    17176.816    14120.906    11743.351     9856.468     2252.867      653.779      212.574       73.922       26.821       10.008        3.806        1.468        0.572        0.000        0.000        0.000        0.000        0.000        0.000        0.000        0.000        0.000 
 1.7000 1.8000   106704.257    62445.526    42768.509    31434.183    24089.561    18984.007    15262.801    12456.444    10285.108     8571.503     1830.637      498.670      152.533       49.917       17.037        5.976        2.136        0.773        0.283        0.000        0.000        0.000        0.000        0.000        0.000        0.000        0.000        0.000 
 1.8000 1.9000    99998.741    57874.261    39265.495    28617.473    21760.155    17020.817    13585.648    11009.148     9026.583     7470.648     1493.230      382.366      110.147       33.951       10.908        3.600        1.210        0.412        0.142        0.000        0.000        0.000        0.000        0.000        0.000        0.000        0.000        0.000 
 1.9000 2.0000    93737.378    53672.203    36085.139    26086.461    19685.797    15286.887    12115.776     9750.148     7939.734     6526.745     1222.889      294.776       80.057       23.263        7.042        2.188        0.692        0.222        0.072        0.000        0.000        0.000        0.000        0.000        0.000        0.000        0.000        0.000 
 2.0000 2.1000    87905.994    49815.868    33200.284    23812.880    17838.340    13754.753    10826.649     8653.923     7000.085     5716.358     1005.606      228.499       58.570       16.059        4.585        1.343        0.400        0.121        0.037        0.000        0.000        0.000        0.000        0.000        0.000        0.000        0.000        0.000 
 2.1000 2.2000    82484.798    46280.174    30584.241    21770.130    16192.012    12399.753     9694.789     7698.178     6186.483     5019.437      830.365      178.098       43.133       11.171        3.010        0.832        0.234        0.067        0.019        0.000        0.000        0.000        0.000        0.000        0.000        0.000        0.000        0.000 
 2.2000 2.3000    77450.832    43039.839    28211.603    19933.696    14723.569    11199.993     8699.623     6863.588     5480.775     4418.931      688.510      139.573       31.973        7.829        1.994        0.520        0.138        0.037        0.010        0.000        0.000        0.000        0.000        0.000        0.000        0.000        0.000        0.000 
 2.3000 2.4000    72779.654    40070.262    26058.671    18281.296    13412.256    10136.193     7823.234     6133.489     4867.451     3900.399      573.243      109.971       23.853        5.528        1.332        0.329        0.082        0.021        0.005        0.000        0.000        0.000        0.000        0.000        0.000        0.000        0.000        0.000 
 2.4000 2.5000    68446.488    37348.050    24103.651    16792.870    12239.673     9191.462     7050.087     5493.561     4333.296     3451.633      479.215       87.108       17.910        3.932        0.897        0.210        0.050        0.012        0.003        0.000        0.000        0.000        0.000        0.000        0.000        0.000        0.000        0.000 
